[2026-10-05 11:01:12,987 : INFO : EndToEndDataScienceProject : Starting the End to End Data Science Project]
[2026-10-05 11:01:12,989 : INFO : EndToEndDataScienceProject : YAML file config\config.yaml loaded successfully.]
[2026-10-05 11:01:12,991 : INFO : EndToEndDataScienceProject : YAML file params.yaml loaded successfully.]
[2026-10-05 11:01:12,991 : INFO : EndToEndDataScienceProject : YAML file schema.yaml loaded successfully.]
[2026-10-05 11:01:12,992 : INFO : EndToEndDataScienceProject : Directory created at: artifacts]
[2026-10-05 11:01:12,993 : INFO : EndToEndDataScienceProject : >>>>> stage Data Ingestion Stage started <<<<<]
[2026-10-05 11:01:12,993 : INFO : EndToEndDataScienceProject : Directory created at: artifacts/data_ingestion]
[2026-10-05 11:01:35,062 : INFO : EndToEndDataScienceProject : artifacts\data_ingestion\data.zip downloaded with following info: 
Connection: close
Content-Length: 23329
Cache-Control: max-age=300
Content-Security-Policy: default-src 'none'; style-src 'unsafe-inline'; sandbox
Content-Type: application/zip
ETag: "c69888a4ae59bc5a893392785a938ccd4937981c06ba8a9d6a21aa52b4ab5b6e"
Strict-Transport-Security: max-age=31536000
X-Content-Type-Options: nosniff
X-Frame-Options: deny
X-XSS-Protection: 1; mode=block
X-GitHub-Request-Id: 0F4E:119CE5:1F69A5:4EE4D1:6AC33634
x-github-edge-region: centralindia
Accept-Ranges: bytes
Date: Mon, 05 Oct 2026 05:31:35 GMT
Via: 1.1 varnish
X-Served-By: cache-bom-vanm7210058-BOM
X-Cache: MISS
X-Cache-Hits: 0
X-Timer: S1791178295.846439,VS0,VE320
Vary: Authorization,Accept-Encoding
Access-Control-Allow-Origin: *
Cross-Origin-Resource-Policy: cross-origin
X-Fastly-Request-ID: ceeefec632c5524b99a185652e0164f64247e016
Expires: Mon, 05 Oct 2026 05:36:35 GMT
Source-Age: 0

]
[2026-10-05 11:01:35,078 : INFO : EndToEndDataScienceProject : >>>>> stage Data Ingestion Stage completed <<<<<

x==========x]
